// Jest Snapshot v1, https://goo.gl/fbAQLP

exports[`Drivers should render successfully 1`] = `
<body>
  <div>
    <div
      class="MuiBox-root css-i9gxme"
    >
      <header
        class="MuiPaper-root MuiPaper-elevation MuiPaper-elevation4 MuiAppBar-root MuiAppBar-colorPrimary MuiAppBar-positionFixed mui-fixed css-tyohzp-MuiPaper-root-MuiAppBar-root"
      >
        <div
          class="MuiToolbar-root MuiToolbar-gutters MuiToolbar-regular css-hyum1k-MuiToolbar-root"
        >
          <div
            class="MuiTypography-root MuiTypography-h6 css-1qvppxn-MuiTypography-root"
          >
            <img
              alt="logo"
              src="https://www.loop.co.za/wp-content/uploads/2021/12/Logo.svg"
              style="margin-top: 5px; height: 20px;"
            />
          </div>
          <button
            class="MuiButtonBase-root MuiIconButton-root MuiIconButton-colorInherit MuiIconButton-sizeMedium css-zylse7-MuiButtonBase-root-MuiIconButton-root"
            tabindex="0"
            type="button"
          >
            <svg
              aria-hidden="true"
              class="MuiSvgIcon-root MuiSvgIcon-fontSizeMedium css-i4bv87-MuiSvgIcon-root"
              data-testid="LockIcon"
              focusable="false"
              viewBox="0 0 24 24"
            >
              <path
                d="M18 8h-1V6c0-2.76-2.24-5-5-5S7 3.24 7 6v2H6c-1.1 0-2 .9-2 2v10c0 1.1.9 2 2 2h12c1.1 0 2-.9 2-2V10c0-1.1-.9-2-2-2zm-6 9c-1.1 0-2-.9-2-2s.9-2 2-2 2 .9 2 2-.9 2-2 2zm3.1-9H8.9V6c0-1.71 1.39-3.1 3.1-3.1 1.71 0 3.1 1.39 3.1 3.1v2z"
              />
            </svg>
            <span
              class="MuiTouchRipple-root css-8je8zh-MuiTouchRipple-root"
            />
          </button>
        </div>
      </header>
    </div>
    <div
      class="MuiBox-root css-1abb3vo"
    >
      <div
        class="MuiBox-root css-2843h7"
      >
        <div
          class="MuiBox-root css-0"
        >
          <h5
            class="MuiTypography-root MuiTypography-h5 css-ag7rrr-MuiTypography-root"
          >
            <b>
              Drivers
            </b>
          </h5>
          <br />
        </div>
        <hr
          class="MuiDivider-root MuiDivider-fullWidth css-9mgopn-MuiDivider-root"
        />
        <br />
        <div
          class="MuiBox-root css-0"
        >
          <div
            class="MuiGrid-root MuiGrid-container MuiGrid-spacing-xs-2 css-mhc70k-MuiGrid-root"
          >
            <div
              class="MuiGrid-root MuiGrid-item MuiGrid-grid-xs-4 css-gj1fbr-MuiGrid-root"
            >
              <div
                class="MuiPaper-root MuiPaper-elevation MuiPaper-rounded MuiPaper-elevation1 MuiCard-root css-bhp9pd-MuiPaper-root-MuiCard-root"
              >
                <div
                  class="MuiCardHeader-root css-iy3ce8-MuiCardHeader-root"
                >
                  <div
                    class="MuiCardHeader-content css-1qbkelo-MuiCardHeader-content"
                  >
                    <span
                      class="MuiTypography-root MuiTypography-h5 MuiCardHeader-title css-1r3y2ut-MuiTypography-root"
                    >
                      Vehicle Type
                    </span>
                  </div>
                </div>
                <div
                  class="MuiCardContent-root css-46bh2p-MuiCardContent-root"
                >
                  <div
                    class="MuiGrid-root MuiGrid-container css-11lq3yg-MuiGrid-root"
                  >
                    <div
                      class="MuiGrid-root MuiGrid-item MuiGrid-grid-xs-6 css-1osj8n2-MuiGrid-root"
                    >
                      <div
                        class="rv-xy-plot  rv-radial-chart"
                        style="width: 200px; height: 200px;"
                      >
                        <svg
                          class="rv-xy-plot__inner"
                          height="200"
                          width="200"
                        >
                          <g
                            class="rv-xy-plot__series--arc__animation-wrapper"
                          >
                            <g
                              class="rv-xy-plot__series rv-xy-plot__series--arc "
                              opacity="1"
                              pointer-events="none"
                              transform="translate(100,100)"
                            >
                              <path
                                class="rv-xy-plot__series rv-xy-plot__series--arc-path rv-radial-chart__series--pie__slice "
                                d="M-48.2107709103405,63.84137818241917A80,80,0,0,1,-1.4695761589768237e-14,-80L0,0Z"
                                style="opacity: 1; stroke: transparent; fill: steelBlue; stroke-linejoin: round;"
                              />
                              <path
                                class="rv-xy-plot__series rv-xy-plot__series--arc-path rv-radial-chart__series--pie__slice "
                                d="M48.210770910340514,63.84137818241916A80,80,0,0,1,-48.2107709103405,63.84137818241917L0,0Z"
                                style="opacity: 1; stroke: transparent; fill: lightGreen; stroke-linejoin: round;"
                              />
                              <path
                                class="rv-xy-plot__series rv-xy-plot__series--arc-path rv-radial-chart__series--pie__slice "
                                d="M28.899333294972244,-74.59777835234847A80,80,0,0,1,48.210770910340514,63.84137818241916L0,0Z"
                                style="opacity: 1; stroke: transparent; fill: gold; stroke-linejoin: round;"
                              />
                              <path
                                class="rv-xy-plot__series rv-xy-plot__series--arc-path rv-radial-chart__series--pie__slice "
                                d="M4.898587196589413e-15,-80A80,80,0,0,1,28.899333294972244,-74.59777835234847L0,0Z"
                                style="opacity: 1; stroke: transparent; fill: yellow; stroke-linejoin: round;"
                              />
                            </g>
                            <g
                              class="rv-xy-plot__series rv-xy-plot__series--arc "
                              opacity="0"
                              pointer-events="all"
                              transform="translate(100,100)"
                            >
                              <path
                                class="rv-xy-plot__series rv-xy-plot__series--arc-path rv-radial-chart__series--pie__slice "
                                d="M-48.2107709103405,63.84137818241917A80,80,0,0,1,-1.4695761589768237e-14,-80L0,0Z"
                                style="opacity: 1; stroke: red; fill: steelBlue;"
                              />
                              <path
                                class="rv-xy-plot__series rv-xy-plot__series--arc-path rv-radial-chart__series--pie__slice "
                                d="M48.210770910340514,63.84137818241916A80,80,0,0,1,-48.2107709103405,63.84137818241917L0,0Z"
                                style="opacity: 1; stroke: red; fill: lightGreen;"
                              />
                              <path
                                class="rv-xy-plot__series rv-xy-plot__series--arc-path rv-radial-chart__series--pie__slice "
                                d="M28.899333294972244,-74.59777835234847A80,80,0,0,1,48.210770910340514,63.84137818241916L0,0Z"
                                style="opacity: 1; stroke: red; fill: gold;"
                              />
                              <path
                                class="rv-xy-plot__series rv-xy-plot__series--arc-path rv-radial-chart__series--pie__slice "
                                d="M4.898587196589413e-15,-80A80,80,0,0,1,28.899333294972244,-74.59777835234847L0,0Z"
                                style="opacity: 1; stroke: red; fill: yellow;"
                              />
                            </g>
                          </g>
                          <g
                            class="rv-xy-plot__series rv-xy-plot__series--label "
                            style="font-size: 10px;"
                            transform="translate(15,15)"
                          >
                            <text
                              class="rv-xy-plot__series--label-text"
                              dominant-baseline="text-before-edge"
                              text-anchor="start"
                              transform="rotate(0,-3.6530205497553414,55.286502269092246)"
                              x="-3.6530205497553414"
                              y="55.286502269092246"
                            >
                              drone
                            </text>
                            <text
                              class="rv-xy-plot__series--label-text"
                              dominant-baseline="text-after-edge"
                              text-anchor="end"
                              transform="rotate(0,85,178.5)"
                              x="85"
                              y="178.5"
                            >
                              bike
                            </text>
                            <text
                              class="rv-xy-plot__series--label-text"
                              dominant-baseline="text-before-edge"
                              text-anchor="end"
                              transform="rotate(0,177.6033752868317,72.08238081199902)"
                              x="177.6033752868317"
                              y="72.08238081199902"
                            >
                              truck
                            </text>
                            <text
                              class="rv-xy-plot__series--label-text"
                              dominant-baseline="text-before-edge"
                              text-anchor="end"
                              transform="rotate(0,102.18057991584932,-6.907984820444824)"
                              x="102.18057991584932"
                              y="-6.907984820444824"
                            >
                              car
                            </text>
                          </g>
                        </svg>
                      </div>
                    </div>
                    <div
                      class="MuiGrid-root MuiGrid-item MuiGrid-grid-xs-6 css-1osj8n2-MuiGrid-root"
                    >
                      <ul
                        class="MuiList-root MuiList-padding css-h4y409-MuiList-root"
                      >
                        <li
                          class="MuiListItem-root MuiListItem-gutters css-cr4aek-MuiListItem-root"
                        >
                          <div
                            class="MuiButtonBase-root MuiListItemButton-root MuiListItemButton-gutters MuiListItemButton-root MuiListItemButton-gutters css-16ac5r2-MuiButtonBase-root-MuiListItemButton-root"
                            role="button"
                            tabindex="0"
                          >
                            <div
                              class="MuiListItemText-root css-tlelie-MuiListItemText-root"
                            >
                              <span
                                class="MuiTypography-root MuiTypography-body1 MuiListItemText-primary css-10hburv-MuiTypography-root"
                              >
                                car
                              </span>
                            </div>
                            <div
                              class="MuiListItemIcon-root css-cveggr-MuiListItemIcon-root"
                            >
                              4
                            </div>
                            <span
                              class="MuiTouchRipple-root css-8je8zh-MuiTouchRipple-root"
                            />
                          </div>
                        </li>
                        <li
                          class="MuiListItem-root MuiListItem-gutters css-cr4aek-MuiListItem-root"
                        >
                          <div
                            class="MuiButtonBase-root MuiListItemButton-root MuiListItemButton-gutters MuiListItemButton-root MuiListItemButton-gutters css-16ac5r2-MuiButtonBase-root-MuiListItemButton-root"
                            role="button"
                            tabindex="0"
                          >
                            <div
                              class="MuiListItemText-root css-tlelie-MuiListItemText-root"
                            >
                              <span
                                class="MuiTypography-root MuiTypography-body1 MuiListItemText-primary css-10hburv-MuiTypography-root"
                              >
                                truck
                              </span>
                            </div>
                            <div
                              class="MuiListItemIcon-root css-cveggr-MuiListItemIcon-root"
                            >
                              23
                            </div>
                            <span
                              class="MuiTouchRipple-root css-8je8zh-MuiTouchRipple-root"
                            />
                          </div>
                        </li>
                        <li
                          class="MuiListItem-root MuiListItem-gutters css-cr4aek-MuiListItem-root"
                        >
                          <div
                            class="MuiButtonBase-root MuiListItemButton-root MuiListItemButton-gutters MuiListItemButton-root MuiListItemButton-gutters css-16ac5r2-MuiButtonBase-root-MuiListItemButton-root"
                            role="button"
                            tabindex="0"
                          >
                            <div
                              class="MuiListItemText-root css-tlelie-MuiListItemText-root"
                            >
                              <span
                                class="MuiTypography-root MuiTypography-body1 MuiListItemText-primary css-10hburv-MuiTypography-root"
                              >
                                bike
                              </span>
                            </div>
                            <div
                              class="MuiListItemIcon-root css-cveggr-MuiListItemIcon-root"
                            >
                              14
                            </div>
                            <span
                              class="MuiTouchRipple-root css-8je8zh-MuiTouchRipple-root"
                            />
                          </div>
                        </li>
                        <li
                          class="MuiListItem-root MuiListItem-gutters css-cr4aek-MuiListItem-root"
                        >
                          <div
                            class="MuiButtonBase-root MuiListItemButton-root MuiListItemButton-gutters MuiListItemButton-root MuiListItemButton-gutters css-16ac5r2-MuiButtonBase-root-MuiListItemButton-root"
                            role="button"
                            tabindex="0"
                          >
                            <div
                              class="MuiListItemText-root css-tlelie-MuiListItemText-root"
                            >
                              <span
                                class="MuiTypography-root MuiTypography-body1 MuiListItemText-primary css-10hburv-MuiTypography-root"
                              >
                                drone
                              </span>
                            </div>
                            <div
                              class="MuiListItemIcon-root css-cveggr-MuiListItemIcon-root"
                            >
                              27
                            </div>
                            <span
                              class="MuiTouchRipple-root css-8je8zh-MuiTouchRipple-root"
                            />
                          </div>
                        </li>
                      </ul>
                    </div>
                  </div>
                </div>
              </div>
            </div>
            <div
              class="MuiGrid-root MuiGrid-item MuiGrid-grid-xs-4 css-gj1fbr-MuiGrid-root"
            >
              <div
                class="MuiPaper-root MuiPaper-elevation MuiPaper-rounded MuiPaper-elevation1 MuiCard-root css-bhp9pd-MuiPaper-root-MuiCard-root"
              >
                <div
                  class="MuiCardHeader-root css-iy3ce8-MuiCardHeader-root"
                >
                  <div
                    class="MuiCardHeader-content css-1qbkelo-MuiCardHeader-content"
                  >
                    <span
                      class="MuiTypography-root MuiTypography-h5 MuiCardHeader-title css-1r3y2ut-MuiTypography-root"
                    >
                      Driver Statuses
                    </span>
                  </div>
                </div>
                <div
                  class="MuiCardContent-root css-46bh2p-MuiCardContent-root"
                >
                  <div
                    class="MuiGrid-root MuiGrid-container css-11lq3yg-MuiGrid-root"
                  >
                    <div
                      class="MuiGrid-root MuiGrid-item MuiGrid-grid-xs-6 css-1osj8n2-MuiGrid-root"
                    >
                      <div
                        class="rv-xy-plot  rv-radial-chart"
                        style="width: 200px; height: 200px;"
                      >
                        <svg
                          class="rv-xy-plot__inner"
                          height="200"
                          width="200"
                        >
                          <g
                            class="rv-xy-plot__series--arc__animation-wrapper"
                          >
                            <g
                              class="rv-xy-plot__series rv-xy-plot__series--arc "
                              opacity="1"
                              pointer-events="none"
                              transform="translate(100,100)"
                            >
                              <path
                                class="rv-xy-plot__series rv-xy-plot__series--arc-path rv-radial-chart__series--pie__slice "
                                d="M-48.2107709103405,63.84137818241917A80,80,0,0,1,-1.4695761589768237e-14,-80L0,0Z"
                                style="opacity: 1; stroke: transparent; fill: steelBlue; stroke-linejoin: round;"
                              />
                              <path
                                class="rv-xy-plot__series rv-xy-plot__series--arc-path rv-radial-chart__series--pie__slice "
                                d="M48.210770910340514,63.84137818241916A80,80,0,0,1,-48.2107709103405,63.84137818241917L0,0Z"
                                style="opacity: 1; stroke: transparent; fill: lightGreen; stroke-linejoin: round;"
                              />
                              <path
                                class="rv-xy-plot__series rv-xy-plot__series--arc-path rv-radial-chart__series--pie__slice "
                                d="M28.899333294972244,-74.59777835234847A80,80,0,0,1,48.210770910340514,63.84137818241916L0,0Z"
                                style="opacity: 1; stroke: transparent; fill: gold; stroke-linejoin: round;"
                              />
                              <path
                                class="rv-xy-plot__series rv-xy-plot__series--arc-path rv-radial-chart__series--pie__slice "
                                d="M4.898587196589413e-15,-80A80,80,0,0,1,28.899333294972244,-74.59777835234847L0,0Z"
                                style="opacity: 1; stroke: transparent; fill: yellow; stroke-linejoin: round;"
                              />
                            </g>
                            <g
                              class="rv-xy-plot__series rv-xy-plot__series--arc "
                              opacity="0"
                              pointer-events="all"
                              transform="translate(100,100)"
                            >
                              <path
                                class="rv-xy-plot__series rv-xy-plot__series--arc-path rv-radial-chart__series--pie__slice "
                                d="M-48.2107709103405,63.84137818241917A80,80,0,0,1,-1.4695761589768237e-14,-80L0,0Z"
                                style="opacity: 1; stroke: red; fill: steelBlue;"
                              />
                              <path
                                class="rv-xy-plot__series rv-xy-plot__series--arc-path rv-radial-chart__series--pie__slice "
                                d="M48.210770910340514,63.84137818241916A80,80,0,0,1,-48.2107709103405,63.84137818241917L0,0Z"
                                style="opacity: 1; stroke: red; fill: lightGreen;"
                              />
                              <path
                                class="rv-xy-plot__series rv-xy-plot__series--arc-path rv-radial-chart__series--pie__slice "
                                d="M28.899333294972244,-74.59777835234847A80,80,0,0,1,48.210770910340514,63.84137818241916L0,0Z"
                                style="opacity: 1; stroke: red; fill: gold;"
                              />
                              <path
                                class="rv-xy-plot__series rv-xy-plot__series--arc-path rv-radial-chart__series--pie__slice "
                                d="M4.898587196589413e-15,-80A80,80,0,0,1,28.899333294972244,-74.59777835234847L0,0Z"
                                style="opacity: 1; stroke: red; fill: yellow;"
                              />
                            </g>
                          </g>
                          <g
                            class="rv-xy-plot__series rv-xy-plot__series--label "
                            style="font-size: 10px;"
                            transform="translate(15,15)"
                          >
                            <text
                              class="rv-xy-plot__series--label-text"
                              dominant-baseline="text-before-edge"
                              text-anchor="start"
                              transform="rotate(0,-3.6530205497553414,55.286502269092246)"
                              x="-3.6530205497553414"
                              y="55.286502269092246"
                            >
                              drone
                            </text>
                            <text
                              class="rv-xy-plot__series--label-text"
                              dominant-baseline="text-after-edge"
                              text-anchor="end"
                              transform="rotate(0,85,178.5)"
                              x="85"
                              y="178.5"
                            >
                              bike
                            </text>
                            <text
                              class="rv-xy-plot__series--label-text"
                              dominant-baseline="text-before-edge"
                              text-anchor="end"
                              transform="rotate(0,177.6033752868317,72.08238081199902)"
                              x="177.6033752868317"
                              y="72.08238081199902"
                            >
                              truck
                            </text>
                            <text
                              class="rv-xy-plot__series--label-text"
                              dominant-baseline="text-before-edge"
                              text-anchor="end"
                              transform="rotate(0,102.18057991584932,-6.907984820444824)"
                              x="102.18057991584932"
                              y="-6.907984820444824"
                            >
                              car
                            </text>
                          </g>
                        </svg>
                      </div>
                    </div>
                    <div
                      class="MuiGrid-root MuiGrid-item MuiGrid-grid-xs-6 css-1osj8n2-MuiGrid-root"
                    >
                      <ul
                        class="MuiList-root MuiList-padding css-h4y409-MuiList-root"
                      >
                        <li
                          class="MuiListItem-root MuiListItem-gutters css-cr4aek-MuiListItem-root"
                        >
                          <div
                            class="MuiButtonBase-root MuiListItemButton-root MuiListItemButton-gutters MuiListItemButton-root MuiListItemButton-gutters css-16ac5r2-MuiButtonBase-root-MuiListItemButton-root"
                            role="button"
                            tabindex="0"
                          >
                            <div
                              class="MuiListItemText-root css-tlelie-MuiListItemText-root"
                            >
                              <span
                                class="MuiTypography-root MuiTypography-body1 MuiListItemText-primary css-10hburv-MuiTypography-root"
                              >
                                car
                              </span>
                            </div>
                            <div
                              class="MuiListItemIcon-root css-cveggr-MuiListItemIcon-root"
                            >
                              4
                            </div>
                            <span
                              class="MuiTouchRipple-root css-8je8zh-MuiTouchRipple-root"
                            />
                          </div>
                        </li>
                        <li
                          class="MuiListItem-root MuiListItem-gutters css-cr4aek-MuiListItem-root"
                        >
                          <div
                            class="MuiButtonBase-root MuiListItemButton-root MuiListItemButton-gutters MuiListItemButton-root MuiListItemButton-gutters css-16ac5r2-MuiButtonBase-root-MuiListItemButton-root"
                            role="button"
                            tabindex="0"
                          >
                            <div
                              class="MuiListItemText-root css-tlelie-MuiListItemText-root"
                            >
                              <span
                                class="MuiTypography-root MuiTypography-body1 MuiListItemText-primary css-10hburv-MuiTypography-root"
                              >
                                truck
                              </span>
                            </div>
                            <div
                              class="MuiListItemIcon-root css-cveggr-MuiListItemIcon-root"
                            >
                              23
                            </div>
                            <span
                              class="MuiTouchRipple-root css-8je8zh-MuiTouchRipple-root"
                            />
                          </div>
                        </li>
                        <li
                          class="MuiListItem-root MuiListItem-gutters css-cr4aek-MuiListItem-root"
                        >
                          <div
                            class="MuiButtonBase-root MuiListItemButton-root MuiListItemButton-gutters MuiListItemButton-root MuiListItemButton-gutters css-16ac5r2-MuiButtonBase-root-MuiListItemButton-root"
                            role="button"
                            tabindex="0"
                          >
                            <div
                              class="MuiListItemText-root css-tlelie-MuiListItemText-root"
                            >
                              <span
                                class="MuiTypography-root MuiTypography-body1 MuiListItemText-primary css-10hburv-MuiTypography-root"
                              >
                                bike
                              </span>
                            </div>
                            <div
                              class="MuiListItemIcon-root css-cveggr-MuiListItemIcon-root"
                            >
                              14
                            </div>
                            <span
                              class="MuiTouchRipple-root css-8je8zh-MuiTouchRipple-root"
                            />
                          </div>
                        </li>
                        <li
                          class="MuiListItem-root MuiListItem-gutters css-cr4aek-MuiListItem-root"
                        >
                          <div
                            class="MuiButtonBase-root MuiListItemButton-root MuiListItemButton-gutters MuiListItemButton-root MuiListItemButton-gutters css-16ac5r2-MuiButtonBase-root-MuiListItemButton-root"
                            role="button"
                            tabindex="0"
                          >
                            <div
                              class="MuiListItemText-root css-tlelie-MuiListItemText-root"
                            >
                              <span
                                class="MuiTypography-root MuiTypography-body1 MuiListItemText-primary css-10hburv-MuiTypography-root"
                              >
                                drone
                              </span>
                            </div>
                            <div
                              class="MuiListItemIcon-root css-cveggr-MuiListItemIcon-root"
                            >
                              27
                            </div>
                            <span
                              class="MuiTouchRipple-root css-8je8zh-MuiTouchRipple-root"
                            />
                          </div>
                        </li>
                      </ul>
                    </div>
                  </div>
                </div>
              </div>
            </div>
            <div
              class="MuiGrid-root MuiGrid-item MuiGrid-grid-xs-4 css-gj1fbr-MuiGrid-root"
            >
              <div
                class="MuiPaper-root MuiPaper-elevation MuiPaper-rounded MuiPaper-elevation1 MuiCard-root css-bhp9pd-MuiPaper-root-MuiCard-root"
              >
                <div
                  class="MuiCardHeader-root css-iy3ce8-MuiCardHeader-root"
                >
                  <div
                    class="MuiCardHeader-content css-1qbkelo-MuiCardHeader-content"
                  >
                    <span
                      class="MuiTypography-root MuiTypography-h5 MuiCardHeader-title css-1r3y2ut-MuiTypography-root"
                    >
                      Driver's active per hub
                    </span>
                  </div>
                </div>
                <div
                  class="MuiCardContent-root css-46bh2p-MuiCardContent-root"
                >
                  <div
                    class="MuiGrid-root MuiGrid-container css-11lq3yg-MuiGrid-root"
                  >
                    <div
                      class="MuiGrid-root MuiGrid-item MuiGrid-grid-xs-6 css-1osj8n2-MuiGrid-root"
                    >
                      <div
                        class="rv-xy-plot  rv-radial-chart"
                        style="width: 200px; height: 200px;"
                      >
                        <svg
                          class="rv-xy-plot__inner"
                          height="200"
                          width="200"
                        >
                          <g
                            class="rv-xy-plot__series--arc__animation-wrapper"
                          >
                            <g
                              class="rv-xy-plot__series rv-xy-plot__series--arc "
                              opacity="1"
                              pointer-events="none"
                              transform="translate(100,100)"
                            >
                              <path
                                class="rv-xy-plot__series rv-xy-plot__series--arc-path rv-radial-chart__series--pie__slice "
                                d="M-48.2107709103405,63.84137818241917A80,80,0,0,1,-1.4695761589768237e-14,-80L0,0Z"
                                style="opacity: 1; stroke: transparent; fill: steelBlue; stroke-linejoin: round;"
                              />
                              <path
                                class="rv-xy-plot__series rv-xy-plot__series--arc-path rv-radial-chart__series--pie__slice "
                                d="M48.210770910340514,63.84137818241916A80,80,0,0,1,-48.2107709103405,63.84137818241917L0,0Z"
                                style="opacity: 1; stroke: transparent; fill: lightGreen; stroke-linejoin: round;"
                              />
                              <path
                                class="rv-xy-plot__series rv-xy-plot__series--arc-path rv-radial-chart__series--pie__slice "
                                d="M28.899333294972244,-74.59777835234847A80,80,0,0,1,48.210770910340514,63.84137818241916L0,0Z"
                                style="opacity: 1; stroke: transparent; fill: gold; stroke-linejoin: round;"
                              />
                              <path
                                class="rv-xy-plot__series rv-xy-plot__series--arc-path rv-radial-chart__series--pie__slice "
                                d="M4.898587196589413e-15,-80A80,80,0,0,1,28.899333294972244,-74.59777835234847L0,0Z"
                                style="opacity: 1; stroke: transparent; fill: yellow; stroke-linejoin: round;"
                              />
                            </g>
                            <g
                              class="rv-xy-plot__series rv-xy-plot__series--arc "
                              opacity="0"
                              pointer-events="all"
                              transform="translate(100,100)"
                            >
                              <path
                                class="rv-xy-plot__series rv-xy-plot__series--arc-path rv-radial-chart__series--pie__slice "
                                d="M-48.2107709103405,63.84137818241917A80,80,0,0,1,-1.4695761589768237e-14,-80L0,0Z"
                                style="opacity: 1; stroke: red; fill: steelBlue;"
                              />
                              <path
                                class="rv-xy-plot__series rv-xy-plot__series--arc-path rv-radial-chart__series--pie__slice "
                                d="M48.210770910340514,63.84137818241916A80,80,0,0,1,-48.2107709103405,63.84137818241917L0,0Z"
                                style="opacity: 1; stroke: red; fill: lightGreen;"
                              />
                              <path
                                class="rv-xy-plot__series rv-xy-plot__series--arc-path rv-radial-chart__series--pie__slice "
                                d="M28.899333294972244,-74.59777835234847A80,80,0,0,1,48.210770910340514,63.84137818241916L0,0Z"
                                style="opacity: 1; stroke: red; fill: gold;"
                              />
                              <path
                                class="rv-xy-plot__series rv-xy-plot__series--arc-path rv-radial-chart__series--pie__slice "
                                d="M4.898587196589413e-15,-80A80,80,0,0,1,28.899333294972244,-74.59777835234847L0,0Z"
                                style="opacity: 1; stroke: red; fill: yellow;"
                              />
                            </g>
                          </g>
                          <g
                            class="rv-xy-plot__series rv-xy-plot__series--label "
                            style="font-size: 10px;"
                            transform="translate(15,15)"
                          >
                            <text
                              class="rv-xy-plot__series--label-text"
                              dominant-baseline="text-before-edge"
                              text-anchor="start"
                              transform="rotate(0,-3.6530205497553414,55.286502269092246)"
                              x="-3.6530205497553414"
                              y="55.286502269092246"
                            >
                              drone
                            </text>
                            <text
                              class="rv-xy-plot__series--label-text"
                              dominant-baseline="text-after-edge"
                              text-anchor="end"
                              transform="rotate(0,85,178.5)"
                              x="85"
                              y="178.5"
                            >
                              bike
                            </text>
                            <text
                              class="rv-xy-plot__series--label-text"
                              dominant-baseline="text-before-edge"
                              text-anchor="end"
                              transform="rotate(0,177.6033752868317,72.08238081199902)"
                              x="177.6033752868317"
                              y="72.08238081199902"
                            >
                              truck
                            </text>
                            <text
                              class="rv-xy-plot__series--label-text"
                              dominant-baseline="text-before-edge"
                              text-anchor="end"
                              transform="rotate(0,102.18057991584932,-6.907984820444824)"
                              x="102.18057991584932"
                              y="-6.907984820444824"
                            >
                              car
                            </text>
                          </g>
                        </svg>
                      </div>
                    </div>
                    <div
                      class="MuiGrid-root MuiGrid-item MuiGrid-grid-xs-6 css-1osj8n2-MuiGrid-root"
                    >
                      <ul
                        class="MuiList-root MuiList-padding css-h4y409-MuiList-root"
                      >
                        <li
                          class="MuiListItem-root MuiListItem-gutters css-cr4aek-MuiListItem-root"
                        >
                          <div
                            class="MuiButtonBase-root MuiListItemButton-root MuiListItemButton-gutters MuiListItemButton-root MuiListItemButton-gutters css-16ac5r2-MuiButtonBase-root-MuiListItemButton-root"
                            role="button"
                            tabindex="0"
                          >
                            <div
                              class="MuiListItemText-root css-tlelie-MuiListItemText-root"
                            >
                              <span
                                class="MuiTypography-root MuiTypography-body1 MuiListItemText-primary css-10hburv-MuiTypography-root"
                              >
                                car
                              </span>
                            </div>
                            <div
                              class="MuiListItemIcon-root css-cveggr-MuiListItemIcon-root"
                            >
                              4
                            </div>
                            <span
                              class="MuiTouchRipple-root css-8je8zh-MuiTouchRipple-root"
                            />
                          </div>
                        </li>
                        <li
                          class="MuiListItem-root MuiListItem-gutters css-cr4aek-MuiListItem-root"
                        >
                          <div
                            class="MuiButtonBase-root MuiListItemButton-root MuiListItemButton-gutters MuiListItemButton-root MuiListItemButton-gutters css-16ac5r2-MuiButtonBase-root-MuiListItemButton-root"
                            role="button"
                            tabindex="0"
                          >
                            <div
                              class="MuiListItemText-root css-tlelie-MuiListItemText-root"
                            >
                              <span
                                class="MuiTypography-root MuiTypography-body1 MuiListItemText-primary css-10hburv-MuiTypography-root"
                              >
                                truck
                              </span>
                            </div>
                            <div
                              class="MuiListItemIcon-root css-cveggr-MuiListItemIcon-root"
                            >
                              23
                            </div>
                            <span
                              class="MuiTouchRipple-root css-8je8zh-MuiTouchRipple-root"
                            />
                          </div>
                        </li>
                        <li
                          class="MuiListItem-root MuiListItem-gutters css-cr4aek-MuiListItem-root"
                        >
                          <div
                            class="MuiButtonBase-root MuiListItemButton-root MuiListItemButton-gutters MuiListItemButton-root MuiListItemButton-gutters css-16ac5r2-MuiButtonBase-root-MuiListItemButton-root"
                            role="button"
                            tabindex="0"
                          >
                            <div
                              class="MuiListItemText-root css-tlelie-MuiListItemText-root"
                            >
                              <span
                                class="MuiTypography-root MuiTypography-body1 MuiListItemText-primary css-10hburv-MuiTypography-root"
                              >
                                bike
                              </span>
                            </div>
                            <div
                              class="MuiListItemIcon-root css-cveggr-MuiListItemIcon-root"
                            >
                              14
                            </div>
                            <span
                              class="MuiTouchRipple-root css-8je8zh-MuiTouchRipple-root"
                            />
                          </div>
                        </li>
                        <li
                          class="MuiListItem-root MuiListItem-gutters css-cr4aek-MuiListItem-root"
                        >
                          <div
                            class="MuiButtonBase-root MuiListItemButton-root MuiListItemButton-gutters MuiListItemButton-root MuiListItemButton-gutters css-16ac5r2-MuiButtonBase-root-MuiListItemButton-root"
                            role="button"
                            tabindex="0"
                          >
                            <div
                              class="MuiListItemText-root css-tlelie-MuiListItemText-root"
                            >
                              <span
                                class="MuiTypography-root MuiTypography-body1 MuiListItemText-primary css-10hburv-MuiTypography-root"
                              >
                                drone
                              </span>
                            </div>
                            <div
                              class="MuiListItemIcon-root css-cveggr-MuiListItemIcon-root"
                            >
                              27
                            </div>
                            <span
                              class="MuiTouchRipple-root css-8je8zh-MuiTouchRipple-root"
                            />
                          </div>
                        </li>
                      </ul>
                    </div>
                  </div>
                </div>
              </div>
            </div>
          </div>
        </div>
        <br />
        <div
          class="MuiPaper-root MuiPaper-elevation MuiPaper-rounded MuiPaper-elevation1 MuiCard-root css-7fmqh0-MuiPaper-root-MuiCard-root"
        >
          <div
            class="MuiBox-root css-0"
          >
            <div
              class="MuiFormControl-root MuiTextField-root css-1u3bzj6-MuiFormControl-root-MuiTextField-root"
            >
              <div
                class="MuiInputBase-root MuiOutlinedInput-root MuiInputBase-colorPrimary MuiInputBase-formControl MuiInputBase-sizeSmall css-9ddj71-MuiInputBase-root-MuiOutlinedInput-root"
              >
                <input
                  aria-invalid="false"
                  class="MuiInputBase-input MuiOutlinedInput-input MuiInputBase-inputSizeSmall css-1n4twyu-MuiInputBase-input-MuiOutlinedInput-input"
                  id=":r0:"
                  placeholder="search"
                  type="text"
                  value=""
                />
                <fieldset
                  aria-hidden="true"
                  class="MuiOutlinedInput-notchedOutline css-1d3z3hw-MuiOutlinedInput-notchedOutline"
                >
                  <legend
                    class="css-ihdtdm"
                  >
                    <span
                      class="notranslate"
                    >
                      ​
                    </span>
                  </legend>
                </fieldset>
              </div>
            </div>
          </div>
          <br />
          <div
            class="MuiTabs-root css-1dszblz-MuiTabs-root"
          >
            <div
              class="MuiTabs-scroller MuiTabs-fixed css-jpln7h-MuiTabs-scroller"
              style="overflow: hidden; margin-bottom: 0px;"
            >
              <div
                class="MuiTabs-flexContainer css-heg063-MuiTabs-flexContainer"
                role="tablist"
              >
                <button
                  aria-selected="true"
                  class="MuiButtonBase-root MuiTab-root MuiTab-textColorPrimary Mui-selected css-1h9z7r5-MuiButtonBase-root-MuiTab-root"
                  role="tab"
                  tabindex="0"
                  type="button"
                >
                  Online
                  <span
                    class="MuiTouchRipple-root css-8je8zh-MuiTouchRipple-root"
                  />
                </button>
                <button
                  aria-selected="false"
                  class="MuiButtonBase-root MuiTab-root MuiTab-textColorPrimary css-1h9z7r5-MuiButtonBase-root-MuiTab-root"
                  role="tab"
                  tabindex="-1"
                  type="button"
                >
                  Offline
                  <span
                    class="MuiTouchRipple-root css-8je8zh-MuiTouchRipple-root"
                  />
                </button>
                <button
                  aria-selected="false"
                  class="MuiButtonBase-root MuiTab-root MuiTab-textColorPrimary css-1h9z7r5-MuiButtonBase-root-MuiTab-root"
                  role="tab"
                  tabindex="-1"
                  type="button"
                >
                  All
                  <span
                    class="MuiTouchRipple-root css-8je8zh-MuiTouchRipple-root"
                  />
                </button>
                <button
                  aria-selected="false"
                  class="MuiButtonBase-root MuiTab-root MuiTab-textColorPrimary css-1h9z7r5-MuiButtonBase-root-MuiTab-root"
                  role="tab"
                  tabindex="-1"
                  type="button"
                >
                  Stats
                  <span
                    class="MuiTouchRipple-root css-8je8zh-MuiTouchRipple-root"
                  />
                </button>
              </div>
              <span
                class="MuiTabs-indicator css-1aquho2-MuiTabs-indicator"
                style="left: 0px; width: 0px;"
              />
            </div>
          </div>
          <div
            aria-labelledby="tab-0"
            class="MuiBox-root css-0"
            id="tabpanel-0"
            role="tabpanel"
          >
            <div
              class="MuiBox-root css-0"
            >
              <div
                aria-colcount="9"
                aria-multiselectable="false"
                aria-rowcount="4"
                class="MuiDataGrid-root MuiDataGrid-autoHeight MuiDataGrid-root--densityComfortable MuiDataGrid-withBorderColor css-12u49z-MuiDataGrid-root"
                role="grid"
              >
                <div
                  class="MuiDataGrid-main css-204u17-MuiDataGrid-main"
                >
                  <div
                    class="MuiDataGrid-columnHeaders MuiDataGrid-withBorderColor css-1iyq7zh-MuiDataGrid-columnHeaders"
                    style="min-height: 72px; max-height: 72px; line-height: 72px;"
                  >
                    <div
                      class="MuiDataGrid-columnHeadersInner MuiDataGrid-columnHeadersInner--scrollable css-gl260s-MuiDataGrid-columnHeadersInner"
                      role="rowgroup"
                      style="transform: translate3d(0px, 0px, 0px);"
                    >
                      <div
                        aria-rowindex="1"
                        class="css-yrdy0g-MuiDataGrid-columnHeaderRow"
                        role="row"
                      >
                        <div
                          aria-colindex="1"
                          aria-label="DRIVER"
                          aria-sort="none"
                          class="MuiDataGrid-columnHeader MuiDataGrid-columnHeader--sortable MuiDataGrid-withBorderColor"
                          data-field="col1"
                          role="columnheader"
                          style="height: 72px; width: 180px; min-width: 180px; max-width: 180px;"
                          tabindex="0"
                        >
                          <div
                            class="MuiDataGrid-columnHeaderDraggableContainer"
                            draggable="false"
                          >
                            <div
                              class="MuiDataGrid-columnHeaderTitleContainer"
                            >
                              <div
                                class="MuiDataGrid-columnHeaderTitleContainerContent"
                              >
                                <div
                                  aria-label=""
                                  class="MuiDataGrid-columnHeaderTitle css-t89xny-MuiDataGrid-columnHeaderTitle"
                                  data-mui-internal-clone-element="true"
                                >
                                  DRIVER
                                </div>
                              </div>
                              <div
                                class="MuiDataGrid-iconButtonContainer css-ltf0zy-MuiDataGrid-iconButtonContainer"
                              >
                                <button
                                  aria-label="Sort"
                                  class="MuiButtonBase-root MuiIconButton-root MuiIconButton-sizeSmall css-1pe4mpk-MuiButtonBase-root-MuiIconButton-root"
                                  tabindex="-1"
                                  title="Sort"
                                  type="button"
                                >
                                  <svg
                                    aria-hidden="true"
                                    class="MuiSvgIcon-root MuiSvgIcon-fontSizeSmall MuiDataGrid-sortIcon css-ptiqhd-MuiSvgIcon-root"
                                    data-testid="ArrowUpwardIcon"
                                    focusable="false"
                                    viewBox="0 0 24 24"
                                  >
                                    <path
                                      d="M4 12l1.41 1.41L11 7.83V20h2V7.83l5.58 5.59L20 12l-8-8-8 8z"
                                    />
                                  </svg>
                                  <span
                                    class="MuiTouchRipple-root css-8je8zh-MuiTouchRipple-root"
                                  />
                                </button>
                              </div>
                            </div>
                            <div
                              class="MuiDataGrid-menuIcon"
                            >
                              <button
                                aria-controls=":r1:"
                                aria-haspopup="true"
                                aria-label="Menu"
                                class="MuiButtonBase-root MuiIconButton-root MuiIconButton-sizeSmall MuiDataGrid-menuIconButton css-1pe4mpk-MuiButtonBase-root-MuiIconButton-root"
                                data-mui-internal-clone-element="true"
                                id=":r2:"
                                tabindex="-1"
                                type="button"
                              >
                                <svg
                                  aria-hidden="true"
                                  class="MuiSvgIcon-root MuiSvgIcon-fontSizeSmall css-ptiqhd-MuiSvgIcon-root"
                                  data-testid="TripleDotsVerticalIcon"
                                  focusable="false"
                                  viewBox="0 0 24 24"
                                >
                                  <path
                                    d="M12 8c1.1 0 2-.9 2-2s-.9-2-2-2-2 .9-2 2 .9 2 2 2zm0 2c-1.1 0-2 .9-2 2s.9 2 2 2 2-.9 2-2-.9-2-2-2zm0 6c-1.1 0-2 .9-2 2s.9 2 2 2 2-.9 2-2-.9-2-2-2z"
                                  />
                                </svg>
                                <span
                                  class="MuiTouchRipple-root css-8je8zh-MuiTouchRipple-root"
                                />
                              </button>
                            </div>
                          </div>
                          <div
                            class="MuiDataGrid-columnSeparator MuiDataGrid-columnSeparator--sideRight"
                            style="min-height: 72px; opacity: 1;"
                          >
                            <svg
                              aria-hidden="true"
                              class="MuiSvgIcon-root MuiSvgIcon-fontSizeMedium MuiDataGrid-iconSeparator css-i4bv87-MuiSvgIcon-root"
                              data-testid="SeparatorIcon"
                              focusable="false"
                              viewBox="0 0 24 24"
                            >
                              <path
                                d="M11 19V5h2v14z"
                              />
                            </svg>
                          </div>
                        </div>
                        <div
                          aria-colindex="2"
                          aria-label="ASSIGNED TRIP"
                          aria-sort="none"
                          class="MuiDataGrid-columnHeader MuiDataGrid-columnHeader--sortable MuiDataGrid-withBorderColor"
                          data-field="col2"
                          role="columnheader"
                          style="height: 72px; width: 180px; min-width: 180px; max-width: 180px;"
                          tabindex="-1"
                        >
                          <div
                            class="MuiDataGrid-columnHeaderDraggableContainer"
                            draggable="false"
                          >
                            <div
                              class="MuiDataGrid-columnHeaderTitleContainer"
                            >
                              <div
                                class="MuiDataGrid-columnHeaderTitleContainerContent"
                              >
                                <div
                                  aria-label=""
                                  class="MuiDataGrid-columnHeaderTitle css-t89xny-MuiDataGrid-columnHeaderTitle"
                                  data-mui-internal-clone-element="true"
                                >
                                  ASSIGNED TRIP
                                </div>
                              </div>
                              <div
                                class="MuiDataGrid-iconButtonContainer css-ltf0zy-MuiDataGrid-iconButtonContainer"
                              >
                                <button
                                  aria-label="Sort"
                                  class="MuiButtonBase-root MuiIconButton-root MuiIconButton-sizeSmall css-1pe4mpk-MuiButtonBase-root-MuiIconButton-root"
                                  tabindex="-1"
                                  title="Sort"
                                  type="button"
                                >
                                  <svg
                                    aria-hidden="true"
                                    class="MuiSvgIcon-root MuiSvgIcon-fontSizeSmall MuiDataGrid-sortIcon css-ptiqhd-MuiSvgIcon-root"
                                    data-testid="ArrowUpwardIcon"
                                    focusable="false"
                                    viewBox="0 0 24 24"
                                  >
                                    <path
                                      d="M4 12l1.41 1.41L11 7.83V20h2V7.83l5.58 5.59L20 12l-8-8-8 8z"
                                    />
                                  </svg>
                                  <span
                                    class="MuiTouchRipple-root css-8je8zh-MuiTouchRipple-root"
                                  />
                                </button>
                              </div>
                            </div>
                            <div
                              class="MuiDataGrid-menuIcon"
                            >
                              <button
                                aria-controls=":r5:"
                                aria-haspopup="true"
                                aria-label="Menu"
                                class="MuiButtonBase-root MuiIconButton-root MuiIconButton-sizeSmall MuiDataGrid-menuIconButton css-1pe4mpk-MuiButtonBase-root-MuiIconButton-root"
                                data-mui-internal-clone-element="true"
                                id=":r6:"
                                tabindex="-1"
                                type="button"
                              >
                                <svg
                                  aria-hidden="true"
                                  class="MuiSvgIcon-root MuiSvgIcon-fontSizeSmall css-ptiqhd-MuiSvgIcon-root"
                                  data-testid="TripleDotsVerticalIcon"
                                  focusable="false"
                                  viewBox="0 0 24 24"
                                >
                                  <path
                                    d="M12 8c1.1 0 2-.9 2-2s-.9-2-2-2-2 .9-2 2 .9 2 2 2zm0 2c-1.1 0-2 .9-2 2s.9 2 2 2 2-.9 2-2-.9-2-2-2zm0 6c-1.1 0-2 .9-2 2s.9 2 2 2 2-.9 2-2-.9-2-2-2z"
                                  />
                                </svg>
                                <span
                                  class="MuiTouchRipple-root css-8je8zh-MuiTouchRipple-root"
                                />
                              </button>
                            </div>
                          </div>
                          <div
                            class="MuiDataGrid-columnSeparator MuiDataGrid-columnSeparator--sideRight"
                            style="min-height: 72px; opacity: 1;"
                          >
                            <svg
                              aria-hidden="true"
                              class="MuiSvgIcon-root MuiSvgIcon-fontSizeMedium MuiDataGrid-iconSeparator css-i4bv87-MuiSvgIcon-root"
                              data-testid="SeparatorIcon"
                              focusable="false"
                              viewBox="0 0 24 24"
                            >
                              <path
                                d="M11 19V5h2v14z"
                              />
                            </svg>
                          </div>
                        </div>
                        <div
                          aria-colindex="3"
                          aria-label="LAST ONLINE"
                          aria-sort="none"
                          class="MuiDataGrid-columnHeader MuiDataGrid-columnHeader--sortable MuiDataGrid-withBorderColor"
                          data-field="col3"
                          role="columnheader"
                          style="height: 72px; width: 180px; min-width: 180px; max-width: 180px;"
                          tabindex="-1"
                        >
                          <div
                            class="MuiDataGrid-columnHeaderDraggableContainer"
                            draggable="false"
                          >
                            <div
                              class="MuiDataGrid-columnHeaderTitleContainer"
                            >
                              <div
                                class="MuiDataGrid-columnHeaderTitleContainerContent"
                              >
                                <div
                                  aria-label=""
                                  class="MuiDataGrid-columnHeaderTitle css-t89xny-MuiDataGrid-columnHeaderTitle"
                                  data-mui-internal-clone-element="true"
                                >
                                  LAST ONLINE
                                </div>
                              </div>
                              <div
                                class="MuiDataGrid-iconButtonContainer css-ltf0zy-MuiDataGrid-iconButtonContainer"
                              >
                                <button
                                  aria-label="Sort"
                                  class="MuiButtonBase-root MuiIconButton-root MuiIconButton-sizeSmall css-1pe4mpk-MuiButtonBase-root-MuiIconButton-root"
                                  tabindex="-1"
                                  title="Sort"
                                  type="button"
                                >
                                  <svg
                                    aria-hidden="true"
                                    class="MuiSvgIcon-root MuiSvgIcon-fontSizeSmall MuiDataGrid-sortIcon css-ptiqhd-MuiSvgIcon-root"
                                    data-testid="ArrowUpwardIcon"
                                    focusable="false"
                                    viewBox="0 0 24 24"
                                  >
                                    <path
                                      d="M4 12l1.41 1.41L11 7.83V20h2V7.83l5.58 5.59L20 12l-8-8-8 8z"
                                    />
                                  </svg>
                                  <span
                                    class="MuiTouchRipple-root css-8je8zh-MuiTouchRipple-root"
                                  />
                                </button>
                              </div>
                            </div>
                            <div
                              class="MuiDataGrid-menuIcon"
                            >
                              <button
                                aria-controls=":r9:"
                                aria-haspopup="true"
                                aria-label="Menu"
                                class="MuiButtonBase-root MuiIconButton-root MuiIconButton-sizeSmall MuiDataGrid-menuIconButton css-1pe4mpk-MuiButtonBase-root-MuiIconButton-root"
                                data-mui-internal-clone-element="true"
                                id=":ra:"
                                tabindex="-1"
                                type="button"
                              >
                                <svg
                                  aria-hidden="true"
                                  class="MuiSvgIcon-root MuiSvgIcon-fontSizeSmall css-ptiqhd-MuiSvgIcon-root"
                                  data-testid="TripleDotsVerticalIcon"
                                  focusable="false"
                                  viewBox="0 0 24 24"
                                >
                                  <path
                                    d="M12 8c1.1 0 2-.9 2-2s-.9-2-2-2-2 .9-2 2 .9 2 2 2zm0 2c-1.1 0-2 .9-2 2s.9 2 2 2 2-.9 2-2-.9-2-2-2zm0 6c-1.1 0-2 .9-2 2s.9 2 2 2 2-.9 2-2-.9-2-2-2z"
                                  />
                                </svg>
                                <span
                                  class="MuiTouchRipple-root css-8je8zh-MuiTouchRipple-root"
                                />
                              </button>
                            </div>
                          </div>
                          <div
                            class="MuiDataGrid-columnSeparator MuiDataGrid-columnSeparator--sideRight"
                            style="min-height: 72px; opacity: 1;"
                          >
                            <svg
                              aria-hidden="true"
                              class="MuiSvgIcon-root MuiSvgIcon-fontSizeMedium MuiDataGrid-iconSeparator css-i4bv87-MuiSvgIcon-root"
                              data-testid="SeparatorIcon"
                              focusable="false"
                              viewBox="0 0 24 24"
                            >
                              <path
                                d="M11 19V5h2v14z"
                              />
                            </svg>
                          </div>
                        </div>
                      </div>
                    </div>
                  </div>
                  <div
                    class="MuiDataGrid-virtualScroller css-axafay-MuiDataGrid-virtualScroller"
                    style="overflow-x: hidden; overflow-y: hidden;"
                  >
                    <div
                      class="MuiDataGrid-virtualScrollerContent css-1kwdphh-MuiDataGrid-virtualScrollerContent"
                      style="width: auto; height: 201px; min-height: auto;"
                    >
                      <div
                        class="MuiDataGrid-virtualScrollerRenderZone css-s1v7zr-MuiDataGrid-virtualScrollerRenderZone"
                        style="transform: translate3d(0px, 0px, 0px);"
                      >
                        <div
                          aria-rowindex="2"
                          aria-selected="false"
                          class="MuiDataGrid-row"
                          data-id="1"
                          data-rowindex="0"
                          role="row"
                          style="max-height: 67px; min-height: 67px;"
                        >
                          <div
                            aria-colindex="1"
                            aria-colspan="1"
                            class="MuiDataGrid-cell MuiDataGrid-cell--textLeft MuiDataGrid-withBorderColor"
                            data-colindex="0"
                            data-field="col1"
                            role="cell"
                            style="min-width: 180px; max-width: 180px; min-height: 67px; max-height: 67px;"
                            tabindex="-1"
                          >
                            <div
                              class="MuiDataGrid-cellContent"
                              title="ORDER001111"
                            >
                              ORDER001111
                            </div>
                          </div>
                          <div
                            aria-colindex="2"
                            aria-colspan="1"
                            class="MuiDataGrid-cell MuiDataGrid-cell--textLeft MuiDataGrid-withBorderColor"
                            data-colindex="1"
                            data-field="col2"
                            role="cell"
                            style="min-width: 180px; max-width: 180px; min-height: 67px; max-height: 67px;"
                            tabindex="-1"
                          >
                            <div
                              class="MuiDataGrid-cellContent"
                              title="John Smith"
                            >
                              John Smith
                            </div>
                          </div>
                          <div
                            aria-colindex="3"
                            aria-colspan="1"
                            class="MuiDataGrid-cell MuiDataGrid-cell--textLeft MuiDataGrid-withBorderColor"
                            data-colindex="2"
                            data-field="col3"
                            role="cell"
                            style="min-width: 180px; max-width: 180px; min-height: 67px; max-height: 67px;"
                            tabindex="-1"
                          >
                            <div
                              class="MuiDataGrid-cellContent"
                              title="23/3/2023 14:21:33"
                            >
                              23/3/2023 14:21:33
                            </div>
                          </div>
                        </div>
                        <div
                          aria-rowindex="3"
                          aria-selected="false"
                          class="MuiDataGrid-row"
                          data-id="2"
                          data-rowindex="1"
                          role="row"
                          style="max-height: 67px; min-height: 67px;"
                        >
                          <div
                            aria-colindex="1"
                            aria-colspan="1"
                            class="MuiDataGrid-cell MuiDataGrid-cell--textLeft MuiDataGrid-withBorderColor"
                            data-colindex="0"
                            data-field="col1"
                            role="cell"
                            style="min-width: 180px; max-width: 180px; min-height: 67px; max-height: 67px;"
                            tabindex="-1"
                          >
                            <div
                              class="MuiDataGrid-cellContent"
                              title="ORDER001211"
                            >
                              ORDER001211
                            </div>
                          </div>
                          <div
                            aria-colindex="2"
                            aria-colspan="1"
                            class="MuiDataGrid-cell MuiDataGrid-cell--textLeft MuiDataGrid-withBorderColor"
                            data-colindex="1"
                            data-field="col2"
                            role="cell"
                            style="min-width: 180px; max-width: 180px; min-height: 67px; max-height: 67px;"
                            tabindex="-1"
                          >
                            <div
                              class="MuiDataGrid-cellContent"
                              title="Sally Rodger"
                            >
                              Sally Rodger
                            </div>
                          </div>
                          <div
                            aria-colindex="3"
                            aria-colspan="1"
                            class="MuiDataGrid-cell MuiDataGrid-cell--textLeft MuiDataGrid-withBorderColor"
                            data-colindex="2"
                            data-field="col3"
                            role="cell"
                            style="min-width: 180px; max-width: 180px; min-height: 67px; max-height: 67px;"
                            tabindex="-1"
                          >
                            <div
                              class="MuiDataGrid-cellContent"
                              title="23/3/2023 14:21:33"
                            >
                              23/3/2023 14:21:33
                            </div>
                          </div>
                        </div>
                        <div
                          aria-rowindex="4"
                          aria-selected="false"
                          class="MuiDataGrid-row MuiDataGrid-row--lastVisible"
                          data-id="3"
                          data-rowindex="2"
                          role="row"
                          style="max-height: 67px; min-height: 67px;"
                        >
                          <div
                            aria-colindex="1"
                            aria-colspan="1"
                            class="MuiDataGrid-cell MuiDataGrid-cell--textLeft MuiDataGrid-withBorderColor"
                            data-colindex="0"
                            data-field="col1"
                            role="cell"
                            style="min-width: 180px; max-width: 180px; min-height: 67px; max-height: 67px;"
                            tabindex="-1"
                          >
                            <div
                              class="MuiDataGrid-cellContent"
                              title="ORDER001113"
                            >
                              ORDER001113
                            </div>
                          </div>
                          <div
                            aria-colindex="2"
                            aria-colspan="1"
                            class="MuiDataGrid-cell MuiDataGrid-cell--textLeft MuiDataGrid-withBorderColor"
                            data-colindex="1"
                            data-field="col2"
                            role="cell"
                            style="min-width: 180px; max-width: 180px; min-height: 67px; max-height: 67px;"
                            tabindex="-1"
                          >
                            <div
                              class="MuiDataGrid-cellContent"
                              title="Robert Pixies"
                            >
                              Robert Pixies
                            </div>
                          </div>
                          <div
                            aria-colindex="3"
                            aria-colspan="1"
                            class="MuiDataGrid-cell MuiDataGrid-cell--textLeft MuiDataGrid-withBorderColor"
                            data-colindex="2"
                            data-field="col3"
                            role="cell"
                            style="min-width: 180px; max-width: 180px; min-height: 67px; max-height: 67px;"
                            tabindex="-1"
                          >
                            <div
                              class="MuiDataGrid-cellContent"
                              title="23/3/2023 14:21:33"
                            >
                              23/3/2023 14:21:33
                            </div>
                          </div>
                        </div>
                      </div>
                    </div>
                  </div>
                </div>
              </div>
            </div>
          </div>
          <div
            aria-labelledby="tab-1"
            class="MuiBox-root css-0"
            hidden=""
            id="tabpanel-1"
            role="tabpanel"
          />
          <div
            aria-labelledby="tab-2"
            class="MuiBox-root css-0"
            hidden=""
            id="tabpanel-2"
            role="tabpanel"
          />
          <div
            aria-labelledby="tab-3"
            class="MuiBox-root css-0"
            hidden=""
            id="tabpanel-3"
            role="tabpanel"
          />
          <br />
        </div>
      </div>
    </div>
  </div>
</body>
`;
